###############################################################################
#
# IAR ELF Linker V8.40.2.214/W32 for ARM                  13/Dec/2019  16:40:25
# Copyright 2007-2019 IAR Systems AB.
#
#    Output file  =
#        C:\Users\Doglas\Desktop\Teste-master\victor_doglas_lab2\Release\Exe\pwm.out
#    Map file     =
#        C:\Users\Doglas\Desktop\Teste-master\victor_doglas_lab2\Release\List\pwm.map
#    Command line =
#        -f C:\Users\Doglas\AppData\Local\Temp\EWA935.tmp
#        (C:\Users\Doglas\Desktop\Teste-master\victor_doglas_lab2\driverlib.a
#        C:\Users\Doglas\Desktop\Teste-master\victor_doglas_lab2\Release\Obj\E_DISE_INTERRUPTS.o
#        C:\Users\Doglas\Desktop\Teste-master\victor_doglas_lab2\Release\Obj\elevador.o
#        C:\Users\Doglas\Desktop\Teste-master\victor_doglas_lab2\CMSIS\RTOS2\RTX\Library\IAR\RTX_CM4F.a
#        C:\Users\Doglas\Desktop\Teste-master\victor_doglas_lab2\Release\Obj\RTX_Config.o
#        C:\Users\Doglas\Desktop\Teste-master\victor_doglas_lab2\Release\Obj\rtx_lib.o
#        C:\Users\Doglas\Desktop\Teste-master\victor_doglas_lab2\Release\Obj\startup_TM4C1294.o
#        C:\Users\Doglas\Desktop\Teste-master\victor_doglas_lab2\Release\Obj\system_TM4C1294_TW.o
#        C:\Users\Doglas\Desktop\Teste-master\victor_doglas_lab2\Release\Obj\timer.o
#        C:\Users\Doglas\Desktop\Teste-master\victor_doglas_lab2\Release\Obj\uartstdio.o
#        --no_out_extension -o
#        C:\Users\Doglas\Desktop\Teste-master\victor_doglas_lab2\Release\Exe\pwm.out
#        --map
#        C:\Users\Doglas\Desktop\Teste-master\victor_doglas_lab2\Release\List\pwm.map
#        --config D:\arm\config\linker\TexasInstruments\TM4C1294NC.icf
#        --semihosting --entry __iar_program_start --inline --vfe --text_out
#        locale)
#
###############################################################################

*******************************************************************************
*** RUNTIME MODEL ATTRIBUTES
***

CppFlavor       = *
__SystemLibrary = DLib
__dlib_version  = 6


*******************************************************************************
*** HEAP SELECTION
***

The basic heap was selected because some modules are built with
size limitations (and not runtime checking), and --advanced_heap
was not specified.


*******************************************************************************
*** PLACEMENT SUMMARY
***

"A0":  place at address 0x0 { ro section .intvec };
"P1":  place in [from 0x0 to 0xf'ffff] { ro };
define block CSTACK with size = 32K, alignment = 8 { };
define block HEAP with size = 64K, alignment = 8 { };
"P2":  place in [from 0x2000'0000 to 0x2003'ffff] {
          rw, block CSTACK, block HEAP };
initialize by copy { rw };

  Section                Kind         Address    Size  Object
  -------                ----         -------    ----  ------
"A0":                                           0x3c0
  .intvec                ro code          0x0   0x3c0  startup_TM4C1294.o [1]
                                      - 0x3c0   0x3c0

"P1":                                          0x37b6
  .text                  ro code        0x3c0   0xa38  rtx_thread.o [2]
  .text                  ro code        0xdf8     0x2  rtx_evr.o [2]
  .text                  ro code        0xdfa     0x2  rtx_evr.o [2]
  .text                  ro code        0xdfc     0x2  rtx_evr.o [2]
  .text                  ro code        0xdfe     0x2  rtx_evr.o [2]
  .text                  ro code        0xe00    0xe6  rtx_mempool.o [2]
  .text                  ro code        0xee6    0x82  rtx_memory.o [2]
  .text                  ro code        0xf68     0x6  ABImemclr4.o [5]
  .text                  ro code        0xf6e    0x4a  rtx_memory.o [2]
  .text                  ro code        0xfb8   0x33c  rtx_mutex.o [2]
  .text                  ro code       0x12f4     0x2  rtx_evr.o [2]
  .text                  ro code       0x12f6     0x2  rtx_evr.o [2]
  .text                  ro code       0x12f8   0x174  rtx_system.o [2]
  .text                  ro code       0x146c    0x20  RTX_Config.o [1]
  .text                  ro code       0x148c    0x32  ABImemset48.o [5]
  .text                  ro code       0x14be     0x2  rtx_evr.o [2]
  .text                  ro code       0x14c0     0xc  os_systick.o [2]
  .text                  ro code       0x14cc   0x860  elevador.o [1]
  .text                  ro code       0x1d2c   0x5dc  uartstdio.o [1]
  .text                  ro code       0x2308    0x58  rtx_delay.o [2]
  .text                  ro code       0x2360   0x2ac  sysctl.o [4]
  .text                  ro code       0x260c   0x18c  gpio.o [4]
  .text                  ro code       0x2798    0xa6  ABImemcpy.o [5]
  .text                  ro code       0x283e    0x3a  zero_init3.o [5]
  .text                  ro code       0x2878    0x2c  system_TM4C1294_TW.o [1]
  .text                  ro code       0x28a4   0x2c4  rtx_kernel.o [2]
  .text                  ro code       0x2b68    0xec  interrupt.o [4]
  .text                  ro code       0x2c54   0x114  uart.o [4]
  .text                  ro code       0x2d68     0x2  rtx_evr.o [2]
  .text                  ro code       0x2d6a    0x44  rtx_memory.o [2]
  .text                  ro code       0x2dae     0x2  RTX_Config.o [1]
  .text                  ro code       0x2db0    0x40  os_systick.o [2]
  .text                  ro code       0x2df0    0x2c  os_systick.o [2]
  .text                  ro code       0x2e1c    0x10  cpu.o [4]
  .text                  ro code       0x2e2c     0x2  rtx_evr.o [2]
  .text                  ro code       0x2e2e     0x2  startup_TM4C1294.o [1]
  .text                  ro code       0x2e30   0x62c  rtx_msgqueue.o [2]
  .text                  ro code       0x345c     0x2  rtx_evr.o [2]
  .text                  ro code       0x3460     0x6  ABImemclr.o [5]
  .text                  ro code       0x3468    0x5e  ABImemset.o [5]
  .rodata                const         0x34c8   0x1b0  sysctl.o [4]
  .text                  ro code       0x3678    0xdc  rtx_timer.o [2]
  .text                  ro code       0x3754    0xc4  irq_cm4f.o [2]
  .rodata                const         0x3818    0x90  gpio.o [4]
  .rodata                const         0x38a8    0x6c  sysctl.o [4]
  .rodata                const         0x3914    0x68  rtx_lib.o [1]
  .text                  ro code       0x397c    0x38  packbits_init_single.o [5]
  .rodata                const         0x39b4    0x30  sysctl.o [4]
  .text                  ro code       0x39e4    0x28  data_init.o [5]
  .rodata                const         0x3a0c    0x24  rtx_lib.o [1]
  .rodata                const         0x3a30    0x24  rtx_lib.o [1]
  .iar.init_table        const         0x3a54    0x20  - Linker created -
  .text                  ro code       0x3a74    0x1e  cmain.o [5]
  .text                  ro code       0x3a92     0x4  exit.o [3]
  .text                  ro code       0x3a98     0xa  cexit.o [5]
  .text                  ro code       0x3aa4    0x14  exit.o [6]
  .rodata                const         0x3ab8    0x18  rtx_lib.o [1]
  .rodata                const         0x3ad0    0x14  uartstdio.o [1]
  .text                  ro code       0x3ae4    0x14  startup_TM4C1294.o [1]
  .rodata                const         0x3af8     0xc  uartstdio.o [1]
  .rodata                const         0x3b04     0xc  uartstdio.o [1]
  .rodata                const         0x3b10     0xc  uartstdio.o [1]
  .text                  ro code       0x3b1c     0xc  cstartup_M.o [5]
  .rodata                const         0x3b28     0x8  elevador.o [1]
  .rodata                const         0x3b30     0x8  uartstdio.o [1]
  .text                  ro code       0x3b38     0x8  E_DISE_INTERRUPTS.o [1]
  .rodata                const         0x3b40     0x4  rtx_lib.o [1]
  .rodata                const         0x3b44     0x4  uartstdio.o [1]
  .rodata                const         0x3b48     0x0  zero_init3.o [5]
  .rodata                const         0x3b48     0x0  packbits_init_single.o [5]
  Initializer bytes      const         0x3b48    0x2e  <for P2-1>
                                     - 0x3b76  0x37b6

"P2", part 1 of 3:                               0xd8
  P2-1                            0x2000'0000    0xd6  <Init block>
    .data.os             inited   0x2000'0000    0xa4  rtx_kernel.o [2]
    .data.os.thread.mpi  inited   0x2000'00a4    0x18  rtx_lib.o [1]
    .data.os.thread.mpi  inited   0x2000'00bc    0x18  rtx_lib.o [1]
    .data                inited   0x2000'00d4     0x2  elevador.o [1]
  .data                  rw data  0x2000'00d8     0x0  E_DISE_INTERRUPTS.o [1]
                                - 0x2000'00d8    0xd8

"P2", part 2 of 3:                             0x2314
  .bss.os                zero     0x2000'00d8  0x1000  rtx_lib.o [1]
  .bss.os.thread.stack   zero     0x2000'10d8   0x960  rtx_lib.o [1]
  .bss                   zero     0x2000'1a38   0x400  uartstdio.o [1]
  .bss.os.thread.cb      zero     0x2000'1e38   0x198  rtx_lib.o [1]
  .bss.os.thread.stack   zero     0x2000'1fd0   0x100  rtx_lib.o [1]
  .bss.os.thread.stack   zero     0x2000'20d0   0x100  rtx_lib.o [1]
  .bss                   zero     0x2000'21d0    0x80  uartstdio.o [1]
  .bss.os.msgqueue.mem   zero     0x2000'2250    0x50  rtx_lib.o [1]
  .bss.os.thread.cb      zero     0x2000'22a0    0x44  rtx_lib.o [1]
  .bss.os.thread.cb      zero     0x2000'22e4    0x44  rtx_lib.o [1]
  .bss.os                zero     0x2000'2328    0x40  rtx_lib.o [1]
  .bss.os.msgqueue.cb    zero     0x2000'2368    0x34  rtx_lib.o [1]
  .bss                   zero     0x2000'239c     0x8  elevador.o [1]
  .bss                   zero     0x2000'23a4     0x8  elevador.o [1]
  .bss                   zero     0x2000'23ac     0x8  elevador.o [1]
  .bss                   zero     0x2000'23b4     0x8  elevador.o [1]
  .bss                   zero     0x2000'23bc     0x4  elevador.o [1]
  .bss                   zero     0x2000'23c0     0x4  elevador.o [1]
  .bss                   zero     0x2000'23c4     0x4  elevador.o [1]
  .bss                   zero     0x2000'23c8     0x4  elevador.o [1]
  .bss                   zero     0x2000'23cc     0x4  elevador.o [1]
  .bss                   zero     0x2000'23d0     0x4  uartstdio.o [1]
  .bss                   zero     0x2000'23d4     0x4  uartstdio.o [1]
  .bss                   zero     0x2000'23d8     0x4  uartstdio.o [1]
  .bss                   zero     0x2000'23dc     0x4  uartstdio.o [1]
  .bss                   zero     0x2000'23e0     0x4  uartstdio.o [1]
  .bss                   zero     0x2000'23e4     0x4  uartstdio.o [1]
  .bss                   zero     0x2000'23e8     0x1  uartstdio.o [1]
  .bss                   zero     0x2000'23e9     0x1  uartstdio.o [1]
  .bss                   zero     0x2000'23ea     0x1  os_systick.o [2]
                                - 0x2000'23eb  0x2313

"P2", part 3 of 3:                             0x8004
  .noinit                uninit   0x2000'23ec     0x4  system_TM4C1294_TW.o [1]
  CSTACK                          0x2000'23f0  0x8000  <Block>
    CSTACK               uninit   0x2000'23f0  0x8000  <Block tail>
                                - 0x2000'a3f0  0x8004

Unused ranges:

         From           To      Size
         ----           --      ----
       0x3b76     0xf'ffff  0xf'c48a
  0x2000'a3f0  0x2003'ffff  0x3'5c10


*******************************************************************************
*** INIT TABLE
***

          Address      Size
          -------      ----
Zero (__iar_zero_init3)
    1 destination range, total size 0x2313:
          0x2000'00d8  0x2313

Copy/packbits (__iar_packbits_init_single3)
    1 source range, total size 0x2e (21% of destination):
               0x3b48    0x2e
    1 destination range, total size 0xd6:
          0x2000'0000    0xd6



*******************************************************************************
*** MODULE SUMMARY
***

    Module                  ro code  ro data  rw data
    ------                  -------  -------  -------
command line/config:
    -------------------------------------------------
    Total:

C:\Users\Doglas\Desktop\Teste-master\victor_doglas_lab2\Release\Obj: [1]
    E_DISE_INTERRUPTS.o           8
    RTX_Config.o                 34
    elevador.o                2'144        9       54
    rtx_lib.o                            214    7'796
    startup_TM4C1294.o          982
    system_TM4C1294_TW.o         44                 4
    uartstdio.o               1'500       68    1'178
    -------------------------------------------------
    Total:                    4'712      291    9'032

RTX_CM4F.a: [2]
    irq_cm4f.o                  196
    os_systick.o                120                 1
    rtx_delay.o                  88
    rtx_evr.o                    20
    rtx_kernel.o                708       35      164
    rtx_memory.o                272
    rtx_mempool.o               230
    rtx_msgqueue.o            1'580
    rtx_mutex.o                 828
    rtx_system.o                372
    rtx_thread.o              2'616
    rtx_timer.o                 220
    -------------------------------------------------
    Total:                    7'250       35      165

dl7M_tln.a: [3]
    exit.o                        4
    -------------------------------------------------
    Total:                        4

driverlib.a: [4]
    cpu.o                        16
    gpio.o                      396      144
    interrupt.o                 236
    sysctl.o                    684      588
    uart.o                      276
    -------------------------------------------------
    Total:                    1'608      732

rt7M_tl.a: [5]
    ABImemclr.o                   6
    ABImemclr4.o                  6
    ABImemcpy.o                 166
    ABImemset.o                  94
    ABImemset48.o                50
    cexit.o                      10
    cmain.o                      30
    cstartup_M.o                 12
    data_init.o                  40
    packbits_init_single.o       56
    zero_init3.o                 58
    -------------------------------------------------
    Total:                      528

shb_l.a: [6]
    exit.o                       20
    -------------------------------------------------
    Total:                       20

    Gaps                          8        2        2
    Linker created                        32   32'768
-----------------------------------------------------
    Grand Total:             14'130    1'092   41'967


*******************************************************************************
*** ENTRY LIST
***

Entry                       Address    Size  Type      Object
-----                       -------    ----  ----      ------
.iar.init_table$$Base        0x3a54           --   Gb  - Linker created -
.iar.init_table$$Limit       0x3a74           --   Gb  - Linker created -
?main                        0x3a75          Code  Gb  cmain.o [5]
CPUcpsid                     0x2e1d     0x8  Code  Gb  cpu.o [4]
CPUcpsie                     0x2e25     0x8  Code  Gb  cpu.o [4]
CSTACK$$Base            0x2000'23f0           --   Gb  - Linker created -
CSTACK$$Limit           0x2000'a3f0           --   Gb  - Linker created -
DisableInterrupts            0x3b39          Code  Gb  E_DISE_INTERRUPTS.o [1]
EnableInterrupts             0x3b3d          Code  Gb  E_DISE_INTERRUPTS.o [1]
EvrRtxKernelError            0x2d69     0x2  Code  Wk  rtx_evr.o [2]
EvrRtxMemoryFree             0x14bf     0x2  Code  Wk  rtx_evr.o [2]
EvrRtxMemoryInit             0x2e2d     0x2  Code  Wk  rtx_evr.o [2]
EvrRtxMessageQueueInserted
                             0x345d     0x2  Code  Wk  rtx_evr.o [2]
EvrRtxThreadDestroyed        0x12f5     0x2  Code  Wk  rtx_evr.o [2]
EvrRtxThreadFlagsWaitCompleted
                              0xdff     0x2  Code  Wk  rtx_evr.o [2]
EvrRtxThreadPreempted         0xdfb     0x2  Code  Wk  rtx_evr.o [2]
EvrRtxThreadSwitched          0xdfd     0x2  Code  Wk  rtx_evr.o [2]
EvrRtxThreadUnblocked         0xdf9     0x2  Code  Wk  rtx_evr.o [2]
EvrRtxThreadYield            0x12f7     0x2  Code  Wk  rtx_evr.o [2]
Flag                    0x2000'00d4     0x2  Data  Gb  elevador.o [1]
GPIODirModeSet               0x260d    0x28  Code  Gb  gpio.o [4]
GPIOPadConfigSet             0x2635   0x102  Code  Gb  gpio.o [4]
GPIOPinConfigure             0x2757    0x36  Code  Gb  gpio.o [4]
GPIOPinTypeUART              0x2743    0x14  Code  Gb  gpio.o [4]
IntDisable                   0x2bc9    0x46  Code  Gb  interrupt.o [4]
IntEnable                    0x2b81    0x46  Code  Gb  interrupt.o [4]
IntMasterDisable             0x2b71     0x6  Code  Gb  interrupt.o [4]
IntMasterEnable              0x2b69     0x8  Code  Gb  interrupt.o [4]
IsBufferEmpty                0x1d4d    0x12  Code  Lc  uartstdio.o [1]
IsBufferFull                 0x1d2d    0x20  Code  Lc  uartstdio.o [1]
MessageQueueGet              0x2e7d    0x40  Code  Lc  rtx_msgqueue.o [2]
MessageQueuePut              0x2e31    0x4a  Code  Lc  rtx_msgqueue.o [2]
MessageQueueRemove           0x2ebd    0x1a  Code  Lc  rtx_msgqueue.o [2]
Mutex_UART              0x2000'23cc     0x4  Data  Gb  elevador.o [1]
OS_Tick_AcknowledgeIRQ       0x14c1     0xc  Code  Wk  os_systick.o [2]
OS_Tick_Enable               0x2df1    0x2c  Code  Wk  os_systick.o [2]
OS_Tick_Setup                0x2db1    0x40  Code  Wk  os_systick.o [2]
PendST                  0x2000'23ea     0x1  Data  Lc  os_systick.o [2]
PendSV_Handler               0x37ed          Code  Gb  irq_cm4f.o [2]
Region$$Table$$Base          0x3a54           --   Gb  - Linker created -
Region$$Table$$Limit         0x3a74           --   Gb  - Linker created -
SVC_Handler                  0x3755          Code  Gb  irq_cm4f.o [2]
SysCtlClockFreqSet           0x23cb   0x1fc  Code  Gb  sysctl.o [4]
SysCtlPeripheralEnable       0x23ad     0x8  Code  Gb  sysctl.o [4]
SysCtlPeripheralPresent
                             0x2381     0xa  Code  Gb  sysctl.o [4]
SysCtlPeripheralReady        0x238b     0x8  Code  Gb  sysctl.o [4]
SysTick_Handler              0x37fd          Code  Gb  irq_cm4f.o [2]
SystemCoreClock         0x2000'23ec     0x4  Data  Gb  system_TM4C1294_TW.o [1]
SystemInit                   0x2879    0x1a  Code  Gb  system_TM4C1294_TW.o [1]
ThreadFlagsCheck              0x3c1    0x6c  Code  Lc  rtx_thread.o [2]
TimerInsert                  0x3679    0x38  Code  Lc  rtx_timer.o [2]
UART0_Handler                0x190f     0x8  Code  Gb  elevador.o [1]
UARTCharGetNonBlocking       0x2d1b    0x14  Code  Gb  uart.o [4]
UARTCharPutNonBlocking       0x2d2f    0x16  Code  Gb  uart.o [4]
UARTCharsAvail               0x2d03     0x8  Code  Gb  uart.o [4]
UARTConfigSetExpClk          0x2c5d    0x5c  Code  Gb  uart.o [4]
UARTDisable                  0x2cd3    0x22  Code  Gb  uart.o [4]
UARTEnable                   0x2cb9    0x1a  Code  Gb  uart.o [4]
UARTFIFOLevelSet             0x2c55     0x8  Code  Gb  uart.o [4]
UARTFlushRx                  0x2149    0x1e  Code  Gb  uartstdio.o [1]
UARTFlushTx                  0x2167    0x36  Code  Gb  uartstdio.o [1]
UARTInit                     0x18bb    0x54  Code  Gb  elevador.o [1]
UARTIntClear                 0x2d63     0x6  Code  Gb  uart.o [4]
UARTIntDisable               0x2d4b     0x4  Code  Gb  uart.o [4]
UARTIntEnable                0x2d45     0x6  Code  Gb  uart.o [4]
UARTIntStatus                0x2d57     0xc  Code  Gb  uart.o [4]
UARTPrimeTransmit            0x1d5f    0x6a  Code  Lc  uartstdio.o [1]
UARTSpaceAvail               0x2d0b     0x6  Code  Gb  uart.o [4]
UARTStdioConfig              0x1dc9    0x7e  Code  Gb  uartstdio.o [1]
UARTStdioIntHandler          0x21a1   0x122  Code  Gb  uartstdio.o [1]
UARTStdioIntHandler::bLastWasCR
                        0x2000'23e9     0x1  Data  Lc  uartstdio.o [1]
UART_Read                    0x1803    0x92  Code  Gb  elevador.o [1]
UART_Read_id            0x2000'23c8     0x4  Data  Gb  elevador.o [1]
UART_Write                   0x1895    0x26  Code  Gb  elevador.o [1]
UARTgets                     0x1edb    0x62  Code  Gb  uartstdio.o [1]
UARTprintf                   0x2133    0x16  Code  Gb  uartstdio.o [1]
UARTvprintf                  0x1f3d   0x1f6  Code  Gb  uartstdio.o [1]
UARTwrite                    0x1e47    0x94  Code  Gb  uartstdio.o [1]
_SysCtlMemTimingGet          0x2361    0x20  Code  Lc  sysctl.o [4]
__Vectors                       0x0           --   Gb  startup_TM4C1294.o [1]
__Vectors_End                 0x3c0          Data  Gb  startup_TM4C1294.o [1]
__Vectors_Size {Abs}          0x3c0           --   Gb  startup_TM4C1294.o [1]
__aeabi_memclr               0x3461          Code  Gb  ABImemclr.o [5]
__aeabi_memclr4               0xf69          Code  Gb  ABImemclr4.o [5]
__aeabi_memcpy               0x2799          Code  Gb  ABImemcpy.o [5]
__aeabi_memcpy4              0x27b9          Code  Gb  ABImemcpy.o [5]
__aeabi_memcpy8              0x27b9          Code  Gb  ABImemcpy.o [5]
__cmain                      0x3a75          Code  Gb  cmain.o [5]
__exit                       0x3aa5    0x14  Code  Gb  exit.o [6]
__iar_Memset4_word           0x148d          Code  Gb  ABImemset48.o [5]
__iar_Memset8_word           0x148d          Code  Gb  ABImemset48.o [5]
__iar_Memset_word            0x3469          Code  Gb  ABImemset.o [5]
__iar_data_init3             0x39e5    0x28  Code  Gb  data_init.o [5]
__iar_init_vfp               0x3aed          Code  Wk  startup_TM4C1294.o [1]
__iar_packbits_init_single3
                             0x397d    0x38  Code  Gb  packbits_init_single.o [5]
__iar_program_start          0x3b1d          Code  Gb  cstartup_M.o [5]
__iar_zero_init3             0x283f    0x3a  Code  Gb  zero_init3.o [5]
__vector_table                  0x0          Data  Gb  startup_TM4C1294.o [1]
__vector_table_0x1c            0x1c          Data  Gb  startup_TM4C1294.o [1]
_call_main                   0x3a81          Code  Gb  cmain.o [5]
_exit                        0x3a99          Code  Gb  cexit.o [5]
_main                        0x3a8f          Code  Gb  cmain.o [5]
abrir                        0x1707    0x1e  Code  Gb  elevador.o [1]
andar_numb                   0x14cd    0x98  Code  Gb  elevador.o [1]
botao_off                    0x15a3    0x3e  Code  Gb  elevador.o [1]
botao_on                     0x1565    0x3e  Code  Gb  elevador.o [1]
comparar_andar               0x16e1    0x10  Code  Gb  elevador.o [1]
conv_letra_andar             0x15e9    0x9c  Code  Gb  elevador.o [1]
conv_num_andar               0x1685    0x10  Code  Gb  elevador.o [1]
descer                       0x1777    0x16  Code  Gb  elevador.o [1]
elevador                     0x1917   0x376  Code  Gb  elevador.o [1]
elevador_left_id        0x2000'23bc     0x4  Data  Gb  elevador.o [1]
elevador_mid_id         0x2000'23c0     0x4  Data  Gb  elevador.o [1]
elevador_right_id       0x2000'23c4     0x4  Data  Gb  elevador.o [1]
esvaziou_parada              0x16c7    0x1a  Code  Gb  elevador.o [1]
exit                         0x3a93     0x4  Code  Gb  exit.o [3]
fechar                       0x1725    0x1e  Code  Gb  elevador.o [1]
g_bDisableEcho          0x2000'23e8     0x1  Data  Lc  uartstdio.o [1]
g_pcHex                      0x3b44     0x4  Data  Lc  uartstdio.o [1]
g_pcUARTRxBuffer        0x2000'21d0    0x80  Data  Lc  uartstdio.o [1]
g_pcUARTTxBuffer        0x2000'1a38   0x400  Data  Lc  uartstdio.o [1]
g_pppui32XTALtoVCO           0x34c8   0x1b0  Data  Lc  sysctl.o [4]
g_pui32Dii16Regs             0x2c40    0x14  Data  Lc  interrupt.o [4]
g_pui32EnRegs                0x2c2c    0x14  Data  Lc  interrupt.o [4]
g_pui32GPIOBaseAddrs         0x3818    0x90  Data  Lc  gpio.o [4]
g_pui32VCOFrequencies        0x2604     0x8  Data  Lc  sysctl.o [4]
g_pui32Xtals                 0x38a8    0x6c  Data  Lc  sysctl.o [4]
g_sXTALtoMEMTIM              0x39b4    0x30  Data  Lc  sysctl.o [4]
g_ui32Base              0x2000'23e0     0x4  Data  Lc  uartstdio.o [1]
g_ui32PortNum           0x2000'23e4     0x4  Data  Lc  uartstdio.o [1]
g_ui32UARTBase               0x3af8     0xc  Data  Lc  uartstdio.o [1]
g_ui32UARTInt                0x3b04     0xc  Data  Lc  uartstdio.o [1]
g_ui32UARTPeriph             0x3b10     0xc  Data  Lc  uartstdio.o [1]
g_ui32UARTRxReadIndex   0x2000'23dc     0x4  Data  Lc  uartstdio.o [1]
g_ui32UARTRxWriteIndex  0x2000'23d8     0x4  Data  Lc  uartstdio.o [1]
g_ui32UARTTxReadIndex   0x2000'23d4     0x4  Data  Lc  uartstdio.o [1]
g_ui32UARTTxWriteIndex  0x2000'23d0     0x4  Data  Lc  uartstdio.o [1]
get_andar                    0x1695    0x1e  Code  Gb  elevador.o [1]
instr                   0x2000'239c     0x8  Data  Gb  elevador.o [1]
instr1                  0x2000'23a4     0x8  Data  Gb  elevador.o [1]
instr2                  0x2000'23ac     0x8  Data  Gb  elevador.o [1]
instr3                  0x2000'23b4     0x8  Data  Gb  elevador.o [1]
main                         0x1c8d    0x60  Code  Gb  elevador.o [1]
osDelay                      0x2321    0x3a  Code  Gb  rtx_delay.o [2]
osKernelGetState             0x2acd    0x40  Code  Gb  rtx_kernel.o [2]
osKernelInitialize           0x2a95    0x38  Code  Gb  rtx_kernel.o [2]
osKernelStart                0x2b0d    0x34  Code  Gb  rtx_kernel.o [2]
osMessageQueueGet            0x33b9    0x90  Code  Gb  rtx_msgqueue.o [2]
osMessageQueueNew            0x32e1    0x3e  Code  Gb  rtx_msgqueue.o [2]
osMessageQueuePut            0x3321    0x98  Code  Gb  rtx_msgqueue.o [2]
osMutexAcquire               0x1265    0x3e  Code  Gb  rtx_mutex.o [2]
osMutexNew                   0x122d    0x36  Code  Gb  rtx_mutex.o [2]
osMutexRelease               0x12a5    0x3a  Code  Gb  rtx_mutex.o [2]
osRtxConfig                  0x3914    0x68  Data  Gb  rtx_lib.o [1]
osRtxErrorNotify             0x146d    0x20  Code  Wk  RTX_Config.o [1]
osRtxIdleThread              0x2daf     0x2  Code  Wk  RTX_Config.o [1]
osRtxInfo               0x2000'0000    0xa4  Data  Gb  rtx_kernel.o [2]
osRtxMemoryAlloc              0xee7    0x82  Code  Wk  rtx_memory.o [2]
osRtxMemoryFree               0xf6f    0x4a  Code  Wk  rtx_memory.o [2]
osRtxMemoryInit              0x2d6b    0x44  Code  Wk  rtx_memory.o [2]
osRtxMemoryPoolAlloc          0xe4d    0x44  Code  Gb  rtx_mempool.o [2]
osRtxMemoryPoolFree           0xe91    0x56  Code  Gb  rtx_mempool.o [2]
osRtxMemoryPoolInit           0xe01    0x4a  Code  Gb  rtx_mempool.o [2]
osRtxMessageQueuePostProcess
                             0x2ed7    0xee  Code  Lc  rtx_msgqueue.o [2]
osRtxMutexOwnerRelease        0xfb9    0x4c  Code  Gb  rtx_mutex.o [2]
osRtxPendSV_Handler          0x1369    0x8a  Code  Gb  rtx_system.o [2]
osRtxPostProcess             0x13f5    0x6e  Code  Gb  rtx_system.o [2]
osRtxThreadBlock              0x673    0x34  Code  Lc  rtx_thread.o [2]
osRtxThreadDelayInsert        0x4a7    0x62  Code  Lc  rtx_thread.o [2]
osRtxThreadDelayRemove        0x509    0x60  Code  Lc  rtx_thread.o [2]
osRtxThreadDelayTick          0x569    0xf6  Code  Gb  rtx_thread.o [2]
osRtxThreadDispatch           0x6c3    0x5c  Code  Gb  rtx_thread.o [2]
osRtxThreadFree               0x9fb    0x56  Code  Lc  rtx_thread.o [2]
osRtxThreadListGet            0x451    0x16  Code  Gb  rtx_thread.o [2]
osRtxThreadListPut            0x42d    0x24  Code  Gb  rtx_thread.o [2]
osRtxThreadListRemove         0x489    0x16  Code  Gb  rtx_thread.o [2]
osRtxThreadListSort           0x467    0x22  Code  Gb  rtx_thread.o [2]
osRtxThreadPostProcess        0x795    0x50  Code  Lc  rtx_thread.o [2]
osRtxThreadReadyPut           0x49f     0x8  Code  Gb  rtx_thread.o [2]
osRtxThreadRegPtr             0x65f    0x14  Code  Gb  rtx_thread.o [2]
osRtxThreadStartup            0xc11    0x3e  Code  Gb  rtx_thread.o [2]
osRtxThreadSwitch             0x6a7    0x1c  Code  Gb  rtx_thread.o [2]
osRtxThreadWaitEnter          0x759    0x3c  Code  Gb  rtx_thread.o [2]
osRtxThreadWaitExit           0x725    0x2e  Code  Gb  rtx_thread.o [2]
osRtxTick_Handler            0x12f9    0x6e  Code  Gb  rtx_system.o [2]
osRtxTimerThread             0x3709    0x4c  Code  Wk  rtx_timer.o [2]
osRtxTimerTick               0x36b1    0x54  Code  Lc  rtx_timer.o [2]
osRtxUserSVC                 0x3b40     0x4  Data  Wk  rtx_lib.o [1]
osThreadExit                  0xccd    0x16  Code  Gb  rtx_thread.o [2]
osThreadFlagsSet              0xcf1    0x7a  Code  Gb  rtx_thread.o [2]
osThreadFlagsWait             0xd71    0x42  Code  Gb  rtx_thread.o [2]
osThreadNew                   0xc51    0x40  Code  Gb  rtx_thread.o [2]
osThreadYield                 0xc91    0x36  Code  Gb  rtx_thread.o [2]
os_idle_thread_attr          0x3a0c    0x24  Data  Lc  rtx_lib.o [1]
os_idle_thread_cb       0x2000'22a0    0x44  Data  Lc  rtx_lib.o [1]
os_idle_thread_stack    0x2000'1fd0   0x100  Data  Lc  rtx_lib.o [1]
os_isr_queue            0x2000'2328    0x40  Data  Lc  rtx_lib.o [1]
os_mem                  0x2000'00d8  0x1000  Data  Lc  rtx_lib.o [1]
os_mpi_def_stack        0x2000'00bc    0x18  Data  Lc  rtx_lib.o [1]
os_mpi_thread           0x2000'00a4    0x18  Data  Lc  rtx_lib.o [1]
os_thread_cb            0x2000'1e38   0x198  Data  Lc  rtx_lib.o [1]
os_thread_def_stack     0x2000'10d8   0x960  Data  Lc  rtx_lib.o [1]
os_timer_mq_attr             0x3ab8    0x18  Data  Lc  rtx_lib.o [1]
os_timer_mq_cb          0x2000'2368    0x34  Data  Lc  rtx_lib.o [1]
os_timer_mq_data        0x2000'2250    0x50  Data  Lc  rtx_lib.o [1]
os_timer_thread_attr         0x3a30    0x24  Data  Lc  rtx_lib.o [1]
os_timer_thread_cb      0x2000'22e4    0x44  Data  Lc  rtx_lib.o [1]
os_timer_thread_stack   0x2000'20d0   0x100  Data  Lc  rtx_lib.o [1]
paradas_abaixo               0x17dd    0x26  Code  Gb  elevador.o [1]
paradas_acima                0x17b7    0x26  Code  Gb  elevador.o [1]
parar                        0x1743    0x1e  Code  Gb  elevador.o [1]
prencher_parada              0x16b3     0xa  Code  Gb  elevador.o [1]
receber                      0x178d    0x2a  Code  Gb  elevador.o [1]
reset                        0x16f1    0x16  Code  Gb  elevador.o [1]
retirar_parada               0x16bd     0xa  Code  Gb  elevador.o [1]
subir                        0x1761    0x16  Code  Gb  elevador.o [1]
svcRtxDelay                  0x2309    0x16  Code  Lc  rtx_delay.o [2]
svcRtxKernelGetState         0x29eb    0x12  Code  Lc  rtx_kernel.o [2]
svcRtxKernelInitialize       0x28a5   0x146  Code  Lc  rtx_kernel.o [2]
svcRtxKernelStart            0x29fd    0x98  Code  Lc  rtx_kernel.o [2]
svcRtxMessageQueueGet        0x31c9    0xee  Code  Lc  rtx_msgqueue.o [2]
svcRtxMessageQueueNew        0x2fc5   0x130  Code  Lc  rtx_msgqueue.o [2]
svcRtxMessageQueuePut        0x30f5    0xd4  Code  Lc  rtx_msgqueue.o [2]
svcRtxMutexAcquire           0x1083    0xd0  Code  Lc  rtx_mutex.o [2]
svcRtxMutexNew               0x1005    0x7e  Code  Lc  rtx_mutex.o [2]
svcRtxMutexRelease           0x1153    0xd0  Code  Lc  rtx_mutex.o [2]
svcRtxThreadExit              0xa51    0x96  Code  Lc  rtx_thread.o [2]
svcRtxThreadFlagsSet          0xae9    0x94  Code  Lc  rtx_thread.o [2]
svcRtxThreadFlagsWait         0xb89    0x88  Code  Lc  rtx_thread.o [2]
svcRtxThreadNew               0x7e5   0x1c8  Code  Lc  rtx_thread.o [2]
svcRtxThreadYield             0x9b3    0x48  Code  Lc  rtx_thread.o [2]


[1] = C:\Users\Doglas\Desktop\Teste-master\victor_doglas_lab2\Release\Obj
[2] = RTX_CM4F.a
[3] = dl7M_tln.a
[4] = driverlib.a
[5] = rt7M_tl.a
[6] = shb_l.a

  14'130 bytes of readonly  code memory
   1'092 bytes of readonly  data memory
  41'967 bytes of readwrite data memory

Errors: none
Warnings: none
