###############################################################################
#
# IAR ELF Linker V8.40.1.212/W32 for ARM                  19/Sep/2019  19:02:02
# Copyright 2007-2019 IAR Systems AB.
#
#    Output file  =
#        C:\Users\Doglas Querino
#        A\Desktop\Embarcados_Lab1-master\meu_projeto\Debug\Exe\pwm.out
#    Map file     =
#        C:\Users\Doglas Querino
#        A\Desktop\Embarcados_Lab1-master\meu_projeto\Debug\List\pwm.map
#    Command line =
#        -f C:\Users\DOGLAS~1\AppData\Local\Temp\EW84FD.tmp ("C:\Users\Doglas
#        Querino
#        A\Desktop\Embarcados_Lab1-master\meu_projeto\Debug\Obj\assembly.o"
#        "C:\Users\Doglas Querino
#        A\Desktop\Embarcados_Lab1-master\meu_projeto\driverlib.a"
#        "C:\Users\Doglas Querino
#        A\Desktop\Embarcados_Lab1-master\meu_projeto\Debug\Obj\pwm.o"
#        "C:\Users\Doglas Querino
#        A\Desktop\Embarcados_Lab1-master\meu_projeto\Debug\Obj\startup_TM4C1294.o"
#        "C:\Users\Doglas Querino
#        A\Desktop\Embarcados_Lab1-master\meu_projeto\Debug\Obj\system_TM4C1294_TW.o"
#        "C:\Users\Doglas Querino
#        A\Desktop\Embarcados_Lab1-master\meu_projeto\Debug\Obj\uartstdio.o"
#        --no_out_extension -o "C:\Users\Doglas Querino
#        A\Desktop\Embarcados_Lab1-master\meu_projeto\Debug\Exe\pwm.out" --map
#        "C:\Users\Doglas Querino
#        A\Desktop\Embarcados_Lab1-master\meu_projeto\Debug\List\pwm.map"
#        --config "C:\Program Files (x86)\IAR Systems\Embedded Workbench
#        8.3\arm\config\linker\TexasInstruments\TM4C1294NC.icf" --semihosting
#        --entry __iar_program_start --vfe --text_out locale)
#
###############################################################################

*******************************************************************************
*** RUNTIME MODEL ATTRIBUTES
***

CppFlavor       = *
__SystemLibrary = DLib
__dlib_version  = 6


*******************************************************************************
*** HEAP SELECTION
***

The basic heap was selected because some modules are built with
size limitations (and not runtime checking), and --advanced_heap
was not specified.


*******************************************************************************
*** PLACEMENT SUMMARY
***

"A0":  place at address 0x0 { ro section .intvec };
"P1":  place in [from 0x0 to 0xf'ffff] { ro };
define block CSTACK with size = 32K, alignment = 8 { };
define block HEAP with size = 64K, alignment = 8 { };
"P2":  place in [from 0x2000'0000 to 0x2003'ffff] {
          rw, block CSTACK, block HEAP };
initialize by copy { rw };

  Section            Kind         Address    Size  Object
  -------            ----         -------    ----  ------
"A0":                                       0x3c0
  .intvec            ro code          0x0   0x3c0  startup_TM4C1294.o [1]
                                  - 0x3c0   0x3c0

"P1":                                      0x2bf4
  .text              ro code        0x3c0   0xdaa  xprintflarge_nomb.o [2]
  .text              ro code       0x116a    0x3a  zero_init3.o [5]
  .text              ro code       0x11a4    0x16  strchr.o [5]
  .text              ro code       0x11ba    0x2e  copy_init3.o [5]
  .text              ro code       0x11e8    0x40  xfail_s.o [2]
  .text              ro code       0x1228    0x36  strlen.o [5]
  .text              ro code       0x125e     0xa  xsprout.o [2]
  .text              ro code       0x1268    0x58  memchr.o [5]
  .text              ro code       0x12c0    0xa6  ABImemcpy.o [5]
  .text              ro code       0x1366     0x2  startup_TM4C1294.o [1]
  .text              ro code       0x1368    0x70  frexp.o [4]
  .text              ro code       0x13d8   0x246  DblDiv.o [4]
  .text              ro code       0x1620    0x28  DblToU32.o [4]
  .text              ro code       0x1648    0x1a  U32ToDbl.o [4]
  .text              ro code       0x1664    0xe2  DblSub.o [4]
  .text              ro code       0x1748   0x1a2  DblMul.o [4]
  .text              ro code       0x18ec   0x230  I64DivMod.o [5]
  .text              ro code       0x1b1c     0x6  abort.o [2]
  .text              ro code       0x1b24   0x16a  DblAdd.o [4]
  .text              ro code       0x1c90     0x2  I64DivZer.o [5]
  .text              ro code       0x1c94    0x14  exit.o [6]
  .text              ro code       0x1ca8   0x518  uartstdio.o [1]
  .text              ro code       0x21c0    0xec  interrupt.o [3]
  .text              ro code       0x22ac   0x114  uart.o [3]
  .text              ro code       0x23c0   0x2ac  sysctl.o [3]
  .text              ro code       0x266c    0x10  cpu.o [3]
  .text              ro code       0x267c   0x240  pwm.o [1]
  .text              ro code       0x28bc   0x1b0  gpio.o [3]
  .text              ro code       0x2a6c     0xc  systick.o [3]
  .text              ro code       0x2a78    0x8c  assembly.o [1]
  .text              ro code       0x2b04    0x48  FltToDbl.o [4]
  .text              ro code       0x2b4c    0x40  sprintf.o [2]
  .rodata            const         0x2b8c   0x1b0  sysctl.o [3]
  .rodata            const         0x2d3c    0x90  gpio.o [3]
  .rodata            const         0x2dcc    0x6c  sysctl.o [3]
  .rodata            const         0x2e38    0x30  sysctl.o [3]
  .text              ro code       0x2e68    0x2c  system_TM4C1294_TW.o [1]
  .text              ro code       0x2e94    0x28  data_init.o [5]
  .iar.init_table    const         0x2ebc    0x24  - Linker created -
  .text              ro code       0x2ee0    0x1e  cmain.o [5]
  .text              ro code       0x2efe     0x4  low_level_init.o [2]
  .text              ro code       0x2f02     0x4  exit.o [2]
  .text              ro code       0x2f08     0xa  cexit.o [5]
  .rodata            const         0x2f14    0x14  pwm.o [1]
  .rodata            const         0x2f28    0x14  uartstdio.o [1]
  .text              ro code       0x2f3c    0x14  startup_TM4C1294.o [1]
  .rodata            const         0x2f50    0x10  pwm.o [1]
  .rodata            const         0x2f60     0xc  pwm.o [1]
  .rodata            const         0x2f6c     0xc  uartstdio.o [1]
  .rodata            const         0x2f78     0xc  uartstdio.o [1]
  .rodata            const         0x2f84     0xc  uartstdio.o [1]
  .text              ro code       0x2f90     0xc  cstartup_M.o [5]
  .rodata            const         0x2f9c     0x8  pwm.o [1]
  .rodata            const         0x2fa4     0x8  uartstdio.o [1]
  .rodata            const         0x2fac     0x4  uartstdio.o [1]
  Initializer bytes  const         0x2fb0     0x4  <for P2-1>
  .rodata            const         0x2fb4     0x0  zero_init3.o [5]
  .rodata            const         0x2fb4     0x0  copy_init3.o [5]
                                 - 0x2fb4  0x2bf4

"P2", part 1 of 3:                            0x4
  P2-1                        0x2000'0000     0x4  <Init block>
    .data            inited   0x2000'0000     0x4  pwm.o [1]
  .data              rw data  0x2000'0004     0x0  assembly.o [1]
                            - 0x2000'0004     0x4

"P2", part 2 of 3:                          0x4fc
  .bss               zero     0x2000'0004   0x400  uartstdio.o [1]
  .bss               zero     0x2000'0404    0x80  uartstdio.o [1]
  .bss               zero     0x2000'0484    0x14  pwm.o [1]
  .bss               zero     0x2000'0498    0x14  pwm.o [1]
  .bss               zero     0x2000'04ac    0x14  pwm.o [1]
  .bss               zero     0x2000'04c0     0x4  pwm.o [1]
  .bss               zero     0x2000'04c4     0x4  pwm.o [1]
  .bss               zero     0x2000'04c8     0x4  pwm.o [1]
  .bss               zero     0x2000'04cc     0x4  pwm.o [1]
  .bss               zero     0x2000'04d0     0x4  pwm.o [1]
  .bss               zero     0x2000'04d4     0x4  pwm.o [1]
  .bss               zero     0x2000'04d8     0x4  pwm.o [1]
  .bss               zero     0x2000'04dc     0x4  pwm.o [1]
  .bss               zero     0x2000'04e0     0x4  uartstdio.o [1]
  .bss               zero     0x2000'04e4     0x4  uartstdio.o [1]
  .bss               zero     0x2000'04e8     0x4  uartstdio.o [1]
  .bss               zero     0x2000'04ec     0x4  uartstdio.o [1]
  .bss               zero     0x2000'04f0     0x4  uartstdio.o [1]
  .bss               zero     0x2000'04f4     0x4  uartstdio.o [1]
  .bss               zero     0x2000'04f8     0x4  xfail_s.o [2]
  .bss               zero     0x2000'04fc     0x1  uartstdio.o [1]
  .bss               zero     0x2000'04fd     0x1  uartstdio.o [1]
                            - 0x2000'04fe   0x4fa

"P2", part 3 of 3:                         0x8008
  .noinit            uninit   0x2000'0500     0x4  system_TM4C1294_TW.o [1]
  CSTACK                      0x2000'0508  0x8000  <Block>
    CSTACK           uninit   0x2000'0508  0x8000  <Block tail>
                            - 0x2000'8508  0x8008

Unused ranges:

         From           To      Size
         ----           --      ----
       0x2fb4     0xf'ffff  0xf'd04c
  0x2000'8508  0x2003'ffff  0x3'7af8


*******************************************************************************
*** INIT TABLE
***

          Address      Size
          -------      ----
Zero (__iar_zero_init3)
    1 destination range, total size 0x4fa:
          0x2000'0004  0x4fa

Copy (__iar_copy_init3)
    1 source range, total size 0x4:
               0x2fb0    0x4
    1 destination range, total size 0x4:
          0x2000'0000    0x4



*******************************************************************************
*** MODULE SUMMARY
***

    Module                ro code  ro data  rw data
    ------                -------  -------  -------
command line/config:
    -----------------------------------------------
    Total:

C:\Users\Doglas Querino A\Desktop\Embarcados_Lab1-master\meu_projeto\Debug\Obj: [1]
    assembly.o                140
    pwm.o                     576       60       96
    startup_TM4C1294.o        982
    system_TM4C1294_TW.o       44                 4
    uartstdio.o             1'304       68    1'178
    -----------------------------------------------
    Total:                  3'046      128    1'278

dl7M_tln.a: [2]
    abort.o                     6
    exit.o                      4
    low_level_init.o            4
    sprintf.o                  64
    xfail_s.o                  64                 4
    xprintflarge_nomb.o     3'498
    xsprout.o                  10
    -----------------------------------------------
    Total:                  3'650                 4

driverlib.a: [3]
    cpu.o                      16
    gpio.o                    432      144
    interrupt.o               236
    sysctl.o                  684      588
    systick.o                  12
    uart.o                    276
    -----------------------------------------------
    Total:                  1'656      732

m7M_tls.a: [4]
    DblAdd.o                  362
    DblDiv.o                  582
    DblMul.o                  418
    DblSub.o                  226
    DblToU32.o                 40
    FltToDbl.o                 72
    U32ToDbl.o                 26
    frexp.o                   112
    -----------------------------------------------
    Total:                  1'838

rt7M_tl.a: [5]
    ABImemcpy.o               166
    I64DivMod.o               560
    I64DivZer.o                 2
    cexit.o                    10
    cmain.o                    30
    copy_init3.o               46
    cstartup_M.o               12
    data_init.o                40
    memchr.o                   88
    strchr.o                   22
    strlen.o                   54
    zero_init3.o               58
    -----------------------------------------------
    Total:                  1'088

shb_l.a: [6]
    exit.o                     20
    -----------------------------------------------
    Total:                     20

    Gaps                       16        2
    Linker created                      36   32'768
---------------------------------------------------
    Grand Total:           11'314      898   34'050


*******************************************************************************
*** ENTRY LIST
***

Entry                       Address   Size  Type      Object
-----                       -------   ----  ----      ------
.iar.init_table$$Base        0x2ebc          --   Gb  - Linker created -
.iar.init_table$$Limit       0x2ee0          --   Gb  - Linker created -
?main                        0x2ee1         Code  Gb  cmain.o [5]
CPUcpsid                     0x266d    0x8  Code  Gb  cpu.o [3]
CPUcpsie                     0x2675    0x8  Code  Gb  cpu.o [3]
CSTACK$$Base            0x2000'0508          --   Gb  - Linker created -
CSTACK$$Limit           0x2000'8508          --   Gb  - Linker created -
Freq_func               0x2000'0000    0x4  Data  Gb  pwm.o [1]
GPIODirModeSet               0x28bd   0x28  Code  Gb  gpio.o [3]
GPIOPadConfigSet             0x28e5  0x102  Code  Gb  gpio.o [3]
GPIOPinConfigure             0x2a2b   0x36  Code  Gb  gpio.o [3]
GPIOPinRead                  0x29e7    0x8  Code  Gb  gpio.o [3]
GPIOPinTypeGPIOInput         0x29f3   0x14  Code  Gb  gpio.o [3]
GPIOPinTypeUART              0x2a0f   0x14  Code  Gb  gpio.o [3]
IntDisable                   0x2221   0x46  Code  Gb  interrupt.o [3]
IntEnable                    0x21d9   0x46  Code  Gb  interrupt.o [3]
IntMasterDisable             0x21c9    0x6  Code  Gb  interrupt.o [3]
IntMasterEnable              0x21c1    0x8  Code  Gb  interrupt.o [3]
IsBufferEmpty                0x1cc5   0x12  Code  Lc  uartstdio.o [1]
IsBufferFull                 0x1ca9   0x1c  Code  Lc  uartstdio.o [1]
Region$$Table$$Base          0x2ebc          --   Gb  - Linker created -
Region$$Table$$Limit         0x2ee0          --   Gb  - Linker created -
Start                        0x2a79         Code  Gb  assembly.o [1]
SysCtlClockFreqSet           0x242b  0x1fc  Code  Gb  sysctl.o [3]
SysCtlPeripheralEnable       0x240d    0x8  Code  Gb  sysctl.o [3]
SysCtlPeripheralPresent
                             0x23e1    0xa  Code  Gb  sysctl.o [3]
SysCtlPeripheralReady        0x23eb    0x8  Code  Gb  sysctl.o [3]
SysTickPeriodSet             0x2a6d    0x8  Code  Gb  systick.o [3]
SystemCoreClock         0x2000'0500    0x4  Data  Gb  system_TM4C1294_TW.o [1]
SystemInit                   0x2e69   0x1a  Code  Gb  system_TM4C1294_TW.o [1]
UART0_Handler                0x26cb    0x8  Code  Gb  pwm.o [1]
UARTCharGetNonBlocking       0x2373   0x14  Code  Gb  uart.o [3]
UARTCharPutNonBlocking       0x2387   0x16  Code  Gb  uart.o [3]
UARTCharsAvail               0x235b    0x8  Code  Gb  uart.o [3]
UARTConfigSetExpClk          0x22b5   0x5c  Code  Gb  uart.o [3]
UARTDisable                  0x232b   0x22  Code  Gb  uart.o [3]
UARTEnable                   0x2311   0x1a  Code  Gb  uart.o [3]
UARTFIFOLevelSet             0x22ad    0x8  Code  Gb  uart.o [3]
UARTFlushRx                  0x2015   0x1c  Code  Gb  uartstdio.o [1]
UARTFlushTx                  0x2031   0x30  Code  Gb  uartstdio.o [1]
UARTInit                     0x267d   0x4e  Code  Gb  pwm.o [1]
UARTIntClear                 0x23bb    0x6  Code  Gb  uart.o [3]
UARTIntDisable               0x23a3    0x4  Code  Gb  uart.o [3]
UARTIntEnable                0x239d    0x6  Code  Gb  uart.o [3]
UARTIntStatus                0x23af    0xc  Code  Gb  uart.o [3]
UARTPrimeTransmit            0x1cd7   0x6a  Code  Lc  uartstdio.o [1]
UARTSpaceAvail               0x2363    0x6  Code  Gb  uart.o [3]
UARTStdioConfig              0x1d41   0x7e  Code  Gb  uartstdio.o [1]
UARTStdioIntHandler          0x2065  0x116  Code  Gb  uartstdio.o [1]
UARTStdioIntHandler::bLastWasCR
                        0x2000'04fd    0x1  Data  Lc  uartstdio.o [1]
UARTprintf                   0x2007    0xe  Code  Gb  uartstdio.o [1]
UARTvprintf                  0x1e51  0x1b6  Code  Gb  uartstdio.o [1]
UARTwrite                    0x1dbf   0x92  Code  Gb  uartstdio.o [1]
_LitobLargeNoMb               0xf3f  0x10a  Code  Lc  xprintflarge_nomb.o [2]
_PrintfLargeNoMb              0x3c1  0xb78  Code  Gb  xprintflarge_nomb.o [2]
_PutcharLargeNoMb            0x10b1   0x20  Code  Lc  xprintflarge_nomb.o [2]
_PutcharsLargeNoMb           0x10d1   0x2e  Code  Lc  xprintflarge_nomb.o [2]
_SProut                      0x125f    0xa  Code  Gb  xsprout.o [2]
_SysCtlMemTimingGet          0x23c1   0x20  Code  Lc  sysctl.o [3]
__Vectors                       0x0          --   Gb  startup_TM4C1294.o [1]
__Vectors_End                 0x3c0         Data  Gb  startup_TM4C1294.o [1]
__Vectors_Size {Abs}          0x3c0          --   Gb  startup_TM4C1294.o [1]
__aeabi_d2uiz                0x1621         Code  Gb  DblToU32.o [4]
__aeabi_ddiv                 0x13d9         Code  Gb  DblDiv.o [4]
__aeabi_dmul                 0x1749         Code  Gb  DblMul.o [4]
__aeabi_dsub                 0x1665         Code  Gb  DblSub.o [4]
__aeabi_f2d                  0x2b05         Code  Gb  FltToDbl.o [4]
__aeabi_ldiv0                0x1c91         Code  Gb  I64DivZer.o [5]
__aeabi_memcpy               0x12c1         Code  Gb  ABImemcpy.o [5]
__aeabi_memcpy4              0x12e1         Code  Gb  ABImemcpy.o [5]
__aeabi_memcpy8              0x12e1         Code  Gb  ABImemcpy.o [5]
__aeabi_ui2d                 0x1649         Code  Gb  U32ToDbl.o [4]
__aeabi_uldivmod             0x18ed         Code  Gb  I64DivMod.o [5]
__cmain                      0x2ee1         Code  Gb  cmain.o [5]
__exit                       0x1c95   0x14  Code  Gb  exit.o [6]
__iar_Fail_s                 0x11e9   0x1c  Code  Gb  xfail_s.o [2]
__iar_Memchr                 0x1269         Code  Gb  memchr.o [5]
__iar_Strchr                 0x11a5         Code  Gb  strchr.o [5]
__iar_copy_init3             0x11bb   0x2e  Code  Gb  copy_init3.o [5]
__iar_dadd                   0x1675         Code  Gb  DblSub.o [4]
__iar_data_init3             0x2e95   0x28  Code  Gb  data_init.o [5]
__iar_dsub                   0x1b25         Code  Gb  DblAdd.o [4]
__iar_dsubStart              0x1b37         Code  Gb  DblAdd.o [4]
__iar_frexp                  0x1375         Code  Gb  frexp.o [4]
__iar_frexpl                 0x1375         Code  Gb  frexp.o [4]
__iar_init_vfp               0x2f45         Code  Wk  startup_TM4C1294.o [1]
__iar_program_start          0x2f91         Code  Gb  cstartup_M.o [5]
__iar_softfp___iar_frexp64
                             0x1369         Code  Gb  frexp.o [4]
__iar_softfp_frexp           0x1369         Code  Gb  frexp.o [4]
__iar_softfp_frexpl          0x1369         Code  Gb  frexp.o [4]
__iar_zero_init3             0x116b   0x3a  Code  Gb  zero_init3.o [5]
__low_level_init             0x2eff    0x4  Code  Gb  low_level_init.o [2]
__vector_table                  0x0         Data  Gb  startup_TM4C1294.o [1]
__vector_table_0x1c            0x1c         Data  Gb  startup_TM4C1294.o [1]
_call_main                   0x2eed         Code  Gb  cmain.o [5]
_exit                        0x2f09         Code  Gb  cexit.o [5]
_main                        0x2efb         Code  Gb  cmain.o [5]
abort                        0x1b1d    0x6  Code  Gb  abort.o [2]
aux                     0x2000'04d8    0x4  Data  Lc  pwm.o [1]
cont                    0x2000'04dc    0x4  Data  Lc  pwm.o [1]
down                    0x2000'04c4    0x4  Data  Lc  pwm.o [1]
duty_cycle              0x2000'04d4    0x4  Data  Lc  pwm.o [1]
exit                         0x2f03    0x4  Code  Gb  exit.o [2]
freq                    0x2000'04c8    0x4  Data  Lc  pwm.o [1]
g_bDisableEcho          0x2000'04fc    0x1  Data  Lc  uartstdio.o [1]
g_pcHex                      0x2fac    0x4  Data  Lc  uartstdio.o [1]
g_pcUARTRxBuffer        0x2000'0404   0x80  Data  Lc  uartstdio.o [1]
g_pcUARTTxBuffer        0x2000'0004  0x400  Data  Lc  uartstdio.o [1]
g_pppui32XTALtoVCO           0x2b8c  0x1b0  Data  Lc  sysctl.o [3]
g_pui32Dii16Regs             0x2298   0x14  Data  Lc  interrupt.o [3]
g_pui32EnRegs                0x2284   0x14  Data  Lc  interrupt.o [3]
g_pui32GPIOBaseAddrs         0x2d3c   0x90  Data  Lc  gpio.o [3]
g_pui32VCOFrequencies        0x2664    0x8  Data  Lc  sysctl.o [3]
g_pui32Xtals                 0x2dcc   0x6c  Data  Lc  sysctl.o [3]
g_sXTALtoMEMTIM              0x2e38   0x30  Data  Lc  sysctl.o [3]
g_ui32Base              0x2000'04f0    0x4  Data  Lc  uartstdio.o [1]
g_ui32PortNum           0x2000'04f4    0x4  Data  Lc  uartstdio.o [1]
g_ui32UARTBase               0x2f6c    0xc  Data  Lc  uartstdio.o [1]
g_ui32UARTInt                0x2f78    0xc  Data  Lc  uartstdio.o [1]
g_ui32UARTPeriph             0x2f84    0xc  Data  Lc  uartstdio.o [1]
g_ui32UARTRxReadIndex   0x2000'04ec    0x4  Data  Lc  uartstdio.o [1]
g_ui32UARTRxWriteIndex  0x2000'04e8    0x4  Data  Lc  uartstdio.o [1]
g_ui32UARTTxReadIndex   0x2000'04e4    0x4  Data  Lc  uartstdio.o [1]
g_ui32UARTTxWriteIndex  0x2000'04e0    0x4  Data  Lc  uartstdio.o [1]
main                         0x26d5  0x182  Code  Gb  pwm.o [1]
memchr                       0x1269         Code  Gb  memchr.o [5]
periodo                 0x2000'04d0    0x4  Data  Lc  pwm.o [1]
pulse_width             0x2000'04cc    0x4  Data  Lc  pwm.o [1]
scale                        0x1049   0x46  Code  Lc  xprintflarge_nomb.o [2]
sduty_cycle             0x2000'04ac   0x14  Data  Lc  pwm.o [1]
sec_hand                0x2000'04f8    0x4  Data  Lc  xfail_s.o [2]
sfreq                   0x2000'0484   0x14  Data  Lc  pwm.o [1]
speriodo                0x2000'0498   0x14  Data  Lc  pwm.o [1]
sprintf                      0x2b4d   0x40  Code  Gb  sprintf.o [2]
strchr                       0x11a5         Code  Gb  strchr.o [5]
strlen                       0x1229         Code  Gb  strlen.o [5]
up                      0x2000'04c0    0x4  Data  Lc  pwm.o [1]


[1] = C:\Users\Doglas Querino A\Desktop\Embarcados_Lab1-master\meu_projeto\Debug\Obj
[2] = dl7M_tln.a
[3] = driverlib.a
[4] = m7M_tls.a
[5] = rt7M_tl.a
[6] = shb_l.a

  11'314 bytes of readonly  code memory
     898 bytes of readonly  data memory
  34'050 bytes of readwrite data memory

Errors: none
Warnings: none
